14:38:22 **** Build of configuration Debug for project led_toggle ****
make -j8 all 
arm-none-eabi-gcc -mcpu=cortex-m3 -g3 -c -x assembler-with-cpp -MMD -MP -MF"Startup/startup_stm32f103c6tx.d" -MT"Startup/startup_stm32f103c6tx.o" --specs=nano.specs -mfloat-abi=soft -mthumb -o "Startup/startup_stm32f103c6tx.o" "../Startup/startup_stm32f103c6tx.s"
arm-none-eabi-gcc "../Src/main.c" -mcpu=cortex-m3 -std=gnu11 -g3 -DSTM32 -DSTM32F1 -DSTM32F103C6Tx -DDEBUG -c -I../Inc -O0 -ffunction-sections -fdata-sections -Wall -fstack-usage -MMD -MP -MF"Src/main.d" -MT"Src/main.o" --specs=nano.specs -mfloat-abi=soft -mthumb -o "Src/main.o"
arm-none-eabi-gcc "../Src/syscalls.c" -mcpu=cortex-m3 -std=gnu11 -g3 -DSTM32 -DSTM32F1 -DSTM32F103C6Tx -DDEBUG -c -I../Inc -O0 -ffunction-sections -fdata-sections -Wall -fstack-usage -MMD -MP -MF"Src/syscalls.d" -MT"Src/syscalls.o" --specs=nano.specs -mfloat-abi=soft -mthumb -o "Src/syscalls.o"
arm-none-eabi-gcc "../Src/sysmem.c" -mcpu=cortex-m3 -std=gnu11 -g3 -DSTM32 -DSTM32F1 -DSTM32F103C6Tx -DDEBUG -c -I../Inc -O0 -ffunction-sections -fdata-sections -Wall -fstack-usage -MMD -MP -MF"Src/sysmem.d" -MT"Src/sysmem.o" --specs=nano.specs -mfloat-abi=soft -mthumb -o "Src/sysmem.o"
../Src/main.c:31:21: error: invalid type argument of unary '*' (have 'long unsigned int')
 #define GPIO_PA_ODR *(vuint32)(GPIOA_BASE+ 0x0c)
                     ^~~~~~~~~~~~~~~~~~~~~~~~~~~~
../Src/main.c:44:46: note: in expansion of macro 'GPIO_PA_ODR'
 volatile R_ODR_t* R_ODR = (volatile R_ODR_t*)GPIO_PA_ODR;
                                              ^~~~~~~~~~~
../Src/main.c: In function 'main':
../Src/main.c:29:21: error: invalid type argument of unary '*' (have 'long unsigned int')
 #define RCC_APB2ENR *(vuint32)(RCC_BASE+ 0x18)
                     ^~~~~~~~~~~~~~~~~~~~~~~~~~
../Src/main.c:48:2: note: in expansion of macro 'RCC_APB2ENR'
  RCC_APB2ENR |= RCC_IOPAEN_BIT;
  ^~~~~~~~~~~
../Src/main.c:30:21: error: invalid type argument of unary '*' (have 'long unsigned int')
 #define GPIO_PA_CHR *(vuint32)(GPIOA_BASE+ 0x04)
                     ^~~~~~~~~~~~~~~~~~~~~~~~~~~~
../Src/main.c:50:2: note: in expansion of macro 'GPIO_PA_CHR'
  GPIO_PA_CHR &= 0xFF0FFFFF;
  ^~~~~~~~~~~
../Src/main.c:30:21: error: invalid type argument of unary '*' (have 'long unsigned int')
 #define GPIO_PA_CHR *(vuint32)(GPIOA_BASE+ 0x04)
                     ^~~~~~~~~~~~~~~~~~~~~~~~~~~~
../Src/main.c:51:2: note: in expansion of macro 'GPIO_PA_CHR'
  GPIO_PA_CHR |= 0X00200000;
  ^~~~~~~~~~~
make: *** [Src/subdir.mk:24: Src/main.o] Error 1
make: *** Waiting for unfinished jobs....
"make -j8 all" terminated with exit code 2. Build might be incomplete.
14:40:15 **** Incremental Build of configuration Debug for project led_toggle ****
make -j8 all 
arm-none-eabi-gcc "../Src/main.c" -mcpu=cortex-m3 -std=gnu11 -g3 -DSTM32 -DSTM32F1 -DSTM32F103C6Tx -DDEBUG -c -I../Inc -O0 -ffunction-sections -fdata-sections -Wall -fstack-usage -MMD -MP -MF"Src/main.d" -MT"Src/main.o" --specs=nano.specs -mfloat-abi=soft -mthumb -o "Src/main.o"
../Src/main.c:44:27: error: initializer element is not constant
 volatile R_ODR_t* R_ODR = (volatile R_ODR_t*)GPIO_PA_ODR;
                           ^
make: *** [Src/subdir.mk:24: Src/main.o] Error 1
"make -j8 all" terminated with exit code 2. Build might be incomplete.
14:41:38 **** Incremental Build of configuration Debug for project led_toggle ****
make -j8 all 
arm-none-eabi-gcc "../Src/main.c" -mcpu=cortex-m3 -std=gnu11 -g3 -DSTM32 -DSTM32F1 -DSTM32F103C6Tx -DDEBUG -c -I../Inc -O0 -ffunction-sections -fdata-sections -Wall -fstack-usage -MMD -MP -MF"Src/main.d" -MT"Src/main.o" --specs=nano.specs -mfloat-abi=soft -mthumb -o "Src/main.o"
../Src/main.c:44:27: error: initializer element is not constant
 volatile R_ODR_t* R_ODR = (volatile R_ODR_t*)(GPIO_PA_ODR);
                           ^
make: *** [Src/subdir.mk:24: Src/main.o] Error 1
"make -j8 all" terminated with exit code 2. Build might be incomplete.
14:42:06 **** Incremental Build of configuration Debug for project led_toggle ****
make -j8 all 
arm-none-eabi-gcc "../Src/main.c" -mcpu=cortex-m3 -std=gnu11 -g3 -DSTM32 -DSTM32F1 -DSTM32F103C6Tx -DDEBUG -c -I../Inc -O0 -ffunction-sections -fdata-sections -Wall -fstack-usage -MMD -MP -MF"Src/main.d" -MT"Src/main.o" --specs=nano.specs -mfloat-abi=soft -mthumb -o "Src/main.o"
../Src/main.c:44:27: error: initializer element is not constant
 volatile R_ODR_t* R_ODR = (volatile R_ODR_t*)GPIO_PA_ODR;
                           ^
make: *** [Src/subdir.mk:24: Src/main.o] Error 1
"make -j8 all" terminated with exit code 2. Build might be incomplete.
14:42:28 **** Incremental Build of configuration Debug for project led_toggle ****
make -j8 all 
arm-none-eabi-gcc "../Src/main.c" -mcpu=cortex-m3 -std=gnu11 -g3 -DSTM32 -DSTM32F1 -DSTM32F103C6Tx -DDEBUG -c -I../Inc -O0 -ffunction-sections -fdata-sections -Wall -fstack-usage -MMD -MP -MF"Src/main.d" -MT"Src/main.o" --specs=nano.specs -mfloat-abi=soft -mthumb -o "Src/main.o"
arm-none-eabi-gcc -o "led_toggle.elf" @"objects.list"   -mcpu=cortex-m3 -T"E:\Courses\Embedded System KS\Units\Unit 3\repo\Master-Embedded-System\EmbeddedC_Course\Led_Toggle\led_toggle\STM32F103C6TX_FLASH.ld" --specs=nosys.specs -Wl,-Map="led_toggle.map" -Wl,--gc-sections -static --specs=nano.specs -mfloat-abi=soft -mthumb -Wl,--start-group -lc -lm -Wl,--end-group
Finished building target: led_toggle.elf
 
arm-none-eabi-size   led_toggle.elf 
arm-none-eabi-objdump -h -S  led_toggle.elf  > "led_toggle.list"
   text	   data	    bss	    dec	    hex	filename
    672	     12	   1564	   2248	    8c8	led_toggle.elf
arm-none-eabi-objcopy  -O binary  led_toggle.elf  "led_toggle.bin"
Finished building: default.size.stdout
Finished building: led_toggle.list
 
 
Finished building: led_toggle.bin
 
14:42:51 **** Incremental Build of configuration Debug for project led_toggle ****
make -j8 all 
arm-none-eabi-gcc "../Src/main.c" -mcpu=cortex-m3 -std=gnu11 -g3 -DSTM32 -DSTM32F1 -DSTM32F103C6Tx -DDEBUG -c -I../Inc -O0 -ffunction-sections -fdata-sections -Wall -fstack-usage -MMD -MP -MF"Src/main.d" -MT"Src/main.o" --specs=nano.specs -mfloat-abi=soft -mthumb -o "Src/main.o"
arm-none-eabi-gcc -o "led_toggle.elf" @"objects.list"   -mcpu=cortex-m3 -T"E:\Courses\Embedded System KS\Units\Unit 3\repo\Master-Embedded-System\EmbeddedC_Course\Led_Toggle\led_toggle\STM32F103C6TX_FLASH.ld" --specs=nosys.specs -Wl,-Map="led_toggle.map" -Wl,--gc-sections -static --specs=nano.specs -mfloat-abi=soft -mthumb -Wl,--start-group -lc -lm -Wl,--end-group
Finished building target: led_toggle.elf
 
arm-none-eabi-objdump -h -S  led_toggle.elf  > "led_toggle.list"
arm-none-eabi-objcopy  -O binary  led_toggle.elf  "led_toggle.bin"
arm-none-eabi-size   led_toggle.elf 
   text	   data	    bss	    dec	    hex	filename
    672	     12	   1564	   2248	    8c8	led_toggle.elf
Finished building: led_toggle.list
Finished building: led_toggle.bin
Finished building: default.size.stdout
 
 
 
14:43:04 **** Incremental Build of configuration Debug for project led_toggle ****
make -j8 all 
arm-none-eabi-gcc "../Src/main.c" -mcpu=cortex-m3 -std=gnu11 -g3 -DSTM32 -DSTM32F1 -DSTM32F103C6Tx -DDEBUG -c -I../Inc -O0 -ffunction-sections -fdata-sections -Wall -fstack-usage -MMD -MP -MF"Src/main.d" -MT"Src/main.o" --specs=nano.specs -mfloat-abi=soft -mthumb -o "Src/main.o"
arm-none-eabi-gcc -o "led_toggle.elf" @"objects.list"   -mcpu=cortex-m3 -T"E:\Courses\Embedded System KS\Units\Unit 3\repo\Master-Embedded-System\EmbeddedC_Course\Led_Toggle\led_toggle\STM32F103C6TX_FLASH.ld" --specs=nosys.specs -Wl,-Map="led_toggle.map" -Wl,--gc-sections -static --specs=nano.specs -mfloat-abi=soft -mthumb -Wl,--start-group -lc -lm -Wl,--end-group
Finished building target: led_toggle.elf
 
arm-none-eabi-objdump -h -S  led_toggle.elf  > "led_toggle.list"
arm-none-eabi-objcopy  -O binary  led_toggle.elf  "led_toggle.bin"
arm-none-eabi-size   led_toggle.elf 
   text	   data	    bss	    dec	    hex	filename
    672	     12	   1564	   2248	    8c8	led_toggle.elf
Finished building: led_toggle.list
Finished building: led_toggle.bin
Finished building: default.size.stdout
 
 
 
14:45:04 **** Incremental Build of configuration Debug for project led_toggle ****
make -j8 all 
arm-none-eabi-size   led_toggle.elf 
arm-none-eabi-objcopy  -O ihex  led_toggle.elf  "led_toggle.hex"
   text	   data	    bss	    dec	    hex	filename
    672	     12	   1564	   2248	    8c8	led_toggle.elf
Finished building: default.size.stdout
 
Finished building: led_toggle.hex
 
15:14:46 **** Incremental Build of configuration Debug for project led_toggle ****
make -j8 all 
arm-none-eabi-gcc "../Src/main.c" -mcpu=cortex-m3 -std=gnu11 -g3 -DSTM32 -DSTM32F1 -DSTM32F103C6Tx -DDEBUG -c -I../Inc -O0 -ffunction-sections -fdata-sections -Wall -fstack-usage -MMD -MP -MF"Src/main.d" -MT"Src/main.o" --specs=nano.specs -mfloat-abi=soft -mthumb -o "Src/main.o"
../Src/main.c: In function 'main':
../Src/main.c:54:6: warning: unused variable 'i' [-Wunused-variable]
  int i;
      ^
arm-none-eabi-gcc -o "led_toggle.elf" @"objects.list"   -mcpu=cortex-m3 -T"E:\Courses\Embedded System KS\Units\Unit 3\repo\Master-Embedded-System\EmbeddedC_Course\Led_Toggle\led_toggle\STM32F103C6TX_FLASH.ld" --specs=nosys.specs -Wl,-Map="led_toggle.map" -Wl,--gc-sections -static --specs=nano.specs -mfloat-abi=soft -mthumb -Wl,--start-group -lc -lm -Wl,--end-group
Finished building target: led_toggle.elf
 
arm-none-eabi-objdump -h -S  led_toggle.elf  > "led_toggle.list"
arm-none-eabi-objcopy  -O ihex  led_toggle.elf  "led_toggle.hex"
arm-none-eabi-objcopy  -O binary  led_toggle.elf  "led_toggle.bin"
arm-none-eabi-size   led_toggle.elf 
   text	   data	    bss	    dec	    hex	filename
    616	     12	   1564	   2192	    890	led_toggle.elf
Finished building: default.size.stdout
 
Finished building: led_toggle.list
 
Finished building: led_toggle.hex
Finished building: led_toggle.bin
 
 
15:15:29 **** Incremental Build of configuration Debug for project led_toggle ****
make -j8 all 
arm-none-eabi-gcc "../Src/main.c" -mcpu=cortex-m3 -std=gnu11 -g3 -DSTM32 -DSTM32F1 -DSTM32F103C6Tx -DDEBUG -c -I../Inc -O0 -ffunction-sections -fdata-sections -Wall -fstack-usage -MMD -MP -MF"Src/main.d" -MT"Src/main.o" --specs=nano.specs -mfloat-abi=soft -mthumb -o "Src/main.o"
../Src/main.c: In function 'main':
../Src/main.c:54:6: warning: unused variable 'i' [-Wunused-variable]
  int i;
      ^
arm-none-eabi-gcc -o "led_toggle.elf" @"objects.list"   -mcpu=cortex-m3 -T"E:\Courses\Embedded System KS\Units\Unit 3\repo\Master-Embedded-System\EmbeddedC_Course\Led_Toggle\led_toggle\STM32F103C6TX_FLASH.ld" --specs=nosys.specs -Wl,-Map="led_toggle.map" -Wl,--gc-sections -static --specs=nano.specs -mfloat-abi=soft -mthumb -Wl,--start-group -lc -lm -Wl,--end-group
Finished building target: led_toggle.elf
 
arm-none-eabi-objdump -h -S  led_toggle.elf  > "led_toggle.list"
arm-none-eabi-objcopy  -O ihex  led_toggle.elf  "led_toggle.hex"
arm-none-eabi-objcopy  -O binary  led_toggle.elf  "led_toggle.bin"
Finished building: led_toggle.list
Finished building: led_toggle.hex
Finished building: led_toggle.bin
 
 
arm-none-eabi-size   led_toggle.elf 
 
   text	   data	    bss	    dec	    hex	filename
    616	     12	   1564	   2192	    890	led_toggle.elf
Finished building: default.size.stdout
 
15:16:19 **** Incremental Build of configuration Debug for project led_toggle ****
make -j8 all 
arm-none-eabi-gcc "../Src/main.c" -mcpu=cortex-m3 -std=gnu11 -g3 -DSTM32 -DSTM32F1 -DSTM32F103C6Tx -DDEBUG -c -I../Inc -O0 -ffunction-sections -fdata-sections -Wall -fstack-usage -MMD -MP -MF"Src/main.d" -MT"Src/main.o" --specs=nano.specs -mfloat-abi=soft -mthumb -o "Src/main.o"
arm-none-eabi-gcc -o "led_toggle.elf" @"objects.list"   -mcpu=cortex-m3 -T"E:\Courses\Embedded System KS\Units\Unit 3\repo\Master-Embedded-System\EmbeddedC_Course\Led_Toggle\led_toggle\STM32F103C6TX_FLASH.ld" --specs=nosys.specs -Wl,-Map="led_toggle.map" -Wl,--gc-sections -static --specs=nano.specs -mfloat-abi=soft -mthumb -Wl,--start-group -lc -lm -Wl,--end-group
Finished building target: led_toggle.elf
 
arm-none-eabi-objdump -h -S  led_toggle.elf  > "led_toggle.list"
arm-none-eabi-objcopy  -O ihex  led_toggle.elf  "led_toggle.hex"
arm-none-eabi-objcopy  -O binary  led_toggle.elf  "led_toggle.bin"
Finished building: led_toggle.list
Finished building: led_toggle.hex
 
Finished building: led_toggle.bin
 
arm-none-eabi-size   led_toggle.elf 
 
   text	   data	    bss	    dec	    hex	filename
    668	     12	   1564	   2244	    8c4	led_toggle.elf
Finished building: default.size.stdout
 
15:16:32 **** Incremental Build of configuration Debug for project led_toggle ****
make -j8 all 
arm-none-eabi-gcc "../Src/main.c" -mcpu=cortex-m3 -std=gnu11 -g3 -DSTM32 -DSTM32F1 -DSTM32F103C6Tx -DDEBUG -c -I../Inc -O0 -ffunction-sections -fdata-sections -Wall -fstack-usage -MMD -MP -MF"Src/main.d" -MT"Src/main.o" --specs=nano.specs -mfloat-abi=soft -mthumb -o "Src/main.o"
arm-none-eabi-gcc -o "led_toggle.elf" @"objects.list"   -mcpu=cortex-m3 -T"E:\Courses\Embedded System KS\Units\Unit 3\repo\Master-Embedded-System\EmbeddedC_Course\Led_Toggle\led_toggle\STM32F103C6TX_FLASH.ld" --specs=nosys.specs -Wl,-Map="led_toggle.map" -Wl,--gc-sections -static --specs=nano.specs -mfloat-abi=soft -mthumb -Wl,--start-group -lc -lm -Wl,--end-group
Finished building target: led_toggle.elf
 
arm-none-eabi-objdump -h -S  led_toggle.elf  > "led_toggle.list"
arm-none-eabi-objcopy  -O ihex  led_toggle.elf  "led_toggle.hex"
arm-none-eabi-objcopy  -O binary  led_toggle.elf  "led_toggle.bin"
Finished building: led_toggle.list
Finished building: led_toggle.hex
Finished building: led_toggle.bin
 
 
arm-none-eabi-size   led_toggle.elf 
 
   text	   data	    bss	    dec	    hex	filename
    672	     12	   1564	   2248	    8c8	led_toggle.elf
Finished building: default.size.stdout
 
15:17:34 **** Incremental Build of configuration Debug for project led_toggle ****
make -j8 all 
arm-none-eabi-gcc "../Src/main.c" -mcpu=cortex-m3 -std=gnu11 -g3 -DSTM32 -DSTM32F1 -DSTM32F103C6Tx -DDEBUG -c -I../Inc -O0 -ffunction-sections -fdata-sections -Wall -fstack-usage -MMD -MP -MF"Src/main.d" -MT"Src/main.o" --specs=nano.specs -mfloat-abi=soft -mthumb -o "Src/main.o"
arm-none-eabi-gcc -o "led_toggle.elf" @"objects.list"   -mcpu=cortex-m3 -T"E:\Courses\Embedded System KS\Units\Unit 3\repo\Master-Embedded-System\EmbeddedC_Course\Led_Toggle\led_toggle\STM32F103C6TX_FLASH.ld" --specs=nosys.specs -Wl,-Map="led_toggle.map" -Wl,--gc-sections -static --specs=nano.specs -mfloat-abi=soft -mthumb -Wl,--start-group -lc -lm -Wl,--end-group
Finished building target: led_toggle.elf
 
arm-none-eabi-objdump -h -S  led_toggle.elf  > "led_toggle.list"
arm-none-eabi-objcopy  -O ihex  led_toggle.elf  "led_toggle.hex"
arm-none-eabi-objcopy  -O binary  led_toggle.elf  "led_toggle.bin"
Finished building: led_toggle.list
Finished building: led_toggle.hex
Finished building: led_toggle.bin
 
 
arm-none-eabi-size   led_toggle.elf 
 
   text	   data	    bss	    dec	    hex	filename
    672	     12	   1564	   2248	    8c8	led_toggle.elf
Finished building: default.size.stdout
 
15:17:57 **** Incremental Build of configuration Debug for project led_toggle ****
make -j8 all 
arm-none-eabi-gcc "../Src/main.c" -mcpu=cortex-m3 -std=gnu11 -g3 -DSTM32 -DSTM32F1 -DSTM32F103C6Tx -DDEBUG -c -I../Inc -O0 -ffunction-sections -fdata-sections -Wall -fstack-usage -MMD -MP -MF"Src/main.d" -MT"Src/main.o" --specs=nano.specs -mfloat-abi=soft -mthumb -o "Src/main.o"
arm-none-eabi-gcc -o "led_toggle.elf" @"objects.list"   -mcpu=cortex-m3 -T"E:\Courses\Embedded System KS\Units\Unit 3\repo\Master-Embedded-System\EmbeddedC_Course\Led_Toggle\led_toggle\STM32F103C6TX_FLASH.ld" --specs=nosys.specs -Wl,-Map="led_toggle.map" -Wl,--gc-sections -static --specs=nano.specs -mfloat-abi=soft -mthumb -Wl,--start-group -lc -lm -Wl,--end-group
Finished building target: led_toggle.elf
 
arm-none-eabi-objdump -h -S  led_toggle.elf  > "led_toggle.list"
arm-none-eabi-objcopy  -O ihex  led_toggle.elf  "led_toggle.hex"
arm-none-eabi-objcopy  -O binary  led_toggle.elf  "led_toggle.bin"
Finished building: led_toggle.list
Finished building: led_toggle.hex
Finished building: led_toggle.bin
 
 
arm-none-eabi-size   led_toggle.elf 
 
   text	   data	    bss	    dec	    hex	filename
    672	     12	   1564	   2248	    8c8	led_toggle.elf
Finished building: default.size.stdout
 
15:25:29 **** Incremental Build of configuration Debug for project led_toggle ****
make -j8 all 
arm-none-eabi-gcc "../Src/main.c" -mcpu=cortex-m3 -std=gnu11 -g3 -DSTM32 -DSTM32F1 -DSTM32F103C6Tx -DDEBUG -c -I../Inc -O0 -ffunction-sections -fdata-sections -Wall -fstack-usage -MMD -MP -MF"Src/main.d" -MT"Src/main.o" --specs=nano.specs -mfloat-abi=soft -mthumb -o "Src/main.o"
arm-none-eabi-gcc -o "led_toggle.elf" @"objects.list"   -mcpu=cortex-m3 -T"E:\Courses\Embedded System KS\Units\Unit 3\repo\Master-Embedded-System\EmbeddedC_Course\Led_Toggle\led_toggle\STM32F103C6TX_FLASH.ld" --specs=nosys.specs -Wl,-Map="led_toggle.map" -Wl,--gc-sections -static --specs=nano.specs -mfloat-abi=soft -mthumb -Wl,--start-group -lc -lm -Wl,--end-group
Finished building target: led_toggle.elf
 
arm-none-eabi-objdump -h -S  led_toggle.elf  > "led_toggle.list"
arm-none-eabi-objcopy  -O ihex  led_toggle.elf  "led_toggle.hex"
arm-none-eabi-objcopy  -O binary  led_toggle.elf  "led_toggle.bin"
arm-none-eabi-size   led_toggle.elf 
   text	   data	    bss	    dec	    hex	filename
    672	     12	   1564	   2248	    8c8	led_toggle.elf
Finished building: led_toggle.list
Finished building: led_toggle.hex
Finished building: led_toggle.bin
Finished building: default.size.stdout
 
 
 
 
